// Jest Snapshot v1, https://goo.gl/fbAQLP

exports[`should render Header correctly 1`] = `
<header
  className="header"
>
  <div
    className="header__inner container"
  >
    <h1
      className="header__title"
    >
      Account info
    </h1>
    <div
      className="header__list"
    >
      <h2
        className="header__list-item"
      >
        Name:
        <span />
      </h2>
      <h2
        className="header__list-item"
      >
        Iban:
        <span />
      </h2>
      <h2
        className="header__list-item"
      >
        Balance:
        <span>
          undefined â‚¬
        </span>
      </h2>
    </div>
  </div>
</header>
`;
